<?xml version="1.0" encoding="utf-8"?><testsuites><testsuite name="pytest" errors="0" failures="0" skipped="0" tests="5" time="11.329" timestamp="2025-03-09T04:38:02.463639+01:00" hostname="Tatianas-MacBook-Pro.local"><testcase classname="tests.test_marvel_characters.TestMarvelCharacters" name="test_main" file="tests/test_marvel_characters.py" line="23" time="5.370" /><testcase classname="tests.test_marvel_characters.TestMarvelCharacters" name="test_marvel" file="tests/test_marvel_characters.py" line="27" time="3.687" /><testcase classname="tests.test_marvel_characters.TestMarvelCharacters" name="test_pipeline_create_pipeline" file="tests/test_marvel_characters.py" line="51" time="0.004" /><testcase classname="tests.test_marvel_characters.TestMarvelCharacters" name="test_nodes_preprocess_characters" file="tests/test_marvel_characters.py" line="56" time="0.009" /><testcase classname="tests.test_marvel_characters.TestMarvelCharacters" name="test_nodes_reporting" file="tests/test_marvel_characters.py" line="90" time="0.170" /></testsuite></testsuites>
